// Jest Snapshot v1, https://goo.gl/fbAQLP

exports[`Components It renders an image with default props 1`] = `
<img
  src="https://maps.googleapis.com/maps/api/staticmap?size=test&scale=1&format=png&maptype=roadmap&markers=size:normal%7Clocation"
/>
`;
